data.aws_ami.ubuntu: Reading...
data.aws_ami.ubuntu: Read complete after 1s [id=ami-0045d7fc2ad003464]

Terraform used the selected providers to generate the following execution
plan. Resource actions are indicated with the following symbols:
  + create

Terraform will perform the following actions:

  # aws_instance.control_plane will be created
  + resource "aws_instance" "control_plane" {
      + ami                                  = "ami-0045d7fc2ad003464"
      + arn                                  = (known after apply)
      + associate_public_ip_address          = (known after apply)
      + availability_zone                    = (known after apply)
      + cpu_core_count                       = (known after apply)
      + cpu_threads_per_core                 = (known after apply)
      + disable_api_stop                     = (known after apply)
      + disable_api_termination              = (known after apply)
      + ebs_optimized                        = (known after apply)
      + enable_primary_ipv6                  = (known after apply)
      + get_password_data                    = false
      + host_id                              = (known after apply)
      + host_resource_group_arn              = (known after apply)
      + iam_instance_profile                 = (known after apply)
      + id                                   = (known after apply)
      + instance_initiated_shutdown_behavior = (known after apply)
      + instance_lifecycle                   = (known after apply)
      + instance_state                       = (known after apply)
      + instance_type                        = "t3.small"
      + ipv6_address_count                   = (known after apply)
      + ipv6_addresses                       = (known after apply)
      + key_name                             = "k8s-lab-key-edina"
      + monitoring                           = (known after apply)
      + outpost_arn                          = (known after apply)
      + password_data                        = (known after apply)
      + placement_group                      = (known after apply)
      + placement_partition_number           = (known after apply)
      + primary_network_interface_id         = (known after apply)
      + private_dns                          = (known after apply)
      + private_ip                           = (known after apply)
      + public_dns                           = (known after apply)
      + public_ip                            = (known after apply)
      + secondary_private_ips                = (known after apply)
      + security_groups                      = (known after apply)
      + source_dest_check                    = true
      + spot_instance_request_id             = (known after apply)
      + subnet_id                            = (known after apply)
      + tags                                 = {
          + "Name" = "k8s-control-plane-edina"
        }
      + tags_all                             = {
          + "Aluno"   = "edina"
          + "Name"    = "k8s-control-plane-edina"
          + "Projeto" = "k8s-terraform-ansible"
        }
      + tenancy                              = (known after apply)
      + user_data                            = (known after apply)
      + user_data_base64                     = (known after apply)
      + user_data_replace_on_change          = false
      + vpc_security_group_ids               = (known after apply)

      + capacity_reservation_specification (known after apply)

      + cpu_options (known after apply)

      + ebs_block_device (known after apply)

      + enclave_options (known after apply)

      + ephemeral_block_device (known after apply)

      + instance_market_options (known after apply)

      + maintenance_options (known after apply)

      + metadata_options (known after apply)

      + network_interface (known after apply)

      + private_dns_name_options (known after apply)

      + root_block_device {
          + delete_on_termination = true
          + device_name           = (known after apply)
          + encrypted             = (known after apply)
          + iops                  = (known after apply)
          + kms_key_id            = (known after apply)
          + tags_all              = (known after apply)
          + throughput            = (known after apply)
          + volume_id             = (known after apply)
          + volume_size           = 20
          + volume_type           = "gp3"
        }
    }

  # aws_instance.worker[0] will be created
  + resource "aws_instance" "worker" {
      + ami                                  = "ami-0045d7fc2ad003464"
      + arn                                  = (known after apply)
      + associate_public_ip_address          = (known after apply)
      + availability_zone                    = (known after apply)
      + cpu_core_count                       = (known after apply)
      + cpu_threads_per_core                 = (known after apply)
      + disable_api_stop                     = (known after apply)
      + disable_api_termination              = (known after apply)
      + ebs_optimized                        = (known after apply)
      + enable_primary_ipv6                  = (known after apply)
      + get_password_data                    = false
      + host_id                              = (known after apply)
      + host_resource_group_arn              = (known after apply)
      + iam_instance_profile                 = (known after apply)
      + id                                   = (known after apply)
      + instance_initiated_shutdown_behavior = (known after apply)
      + instance_lifecycle                   = (known after apply)
      + instance_state                       = (known after apply)
      + instance_type                        = "t3.small"
      + ipv6_address_count                   = (known after apply)
      + ipv6_addresses                       = (known after apply)
      + key_name                             = "k8s-lab-key-edina"
      + monitoring                           = (known after apply)
      + outpost_arn                          = (known after apply)
      + password_data                        = (known after apply)
      + placement_group                      = (known after apply)
      + placement_partition_number           = (known after apply)
      + primary_network_interface_id         = (known after apply)
      + private_dns                          = (known after apply)
      + private_ip                           = (known after apply)
      + public_dns                           = (known after apply)
      + public_ip                            = (known after apply)
      + secondary_private_ips                = (known after apply)
      + security_groups                      = (known after apply)
      + source_dest_check                    = true
      + spot_instance_request_id             = (known after apply)
      + subnet_id                            = (known after apply)
      + tags                                 = {
          + "Name" = "k8s-worker-1-edina"
        }
      + tags_all                             = {
          + "Aluno"   = "edina"
          + "Name"    = "k8s-worker-1-edina"
          + "Projeto" = "k8s-terraform-ansible"
        }
      + tenancy                              = (known after apply)
      + user_data                            = (known after apply)
      + user_data_base64                     = (known after apply)
      + user_data_replace_on_change          = false
      + vpc_security_group_ids               = (known after apply)

      + capacity_reservation_specification (known after apply)

      + cpu_options (known after apply)

      + ebs_block_device (known after apply)

      + enclave_options (known after apply)

      + ephemeral_block_device (known after apply)

      + instance_market_options (known after apply)

      + maintenance_options (known after apply)

      + metadata_options (known after apply)

      + network_interface (known after apply)

      + private_dns_name_options (known after apply)

      + root_block_device {
          + delete_on_termination = true
          + device_name           = (known after apply)
          + encrypted             = (known after apply)
          + iops                  = (known after apply)
          + kms_key_id            = (known after apply)
          + tags_all              = (known after apply)
          + throughput            = (known after apply)
          + volume_id             = (known after apply)
          + volume_size           = 20
          + volume_type           = "gp3"
        }
    }

  # aws_instance.worker[1] will be created
  + resource "aws_instance" "worker" {
      + ami                                  = "ami-0045d7fc2ad003464"
      + arn                                  = (known after apply)
      + associate_public_ip_address          = (known after apply)
      + availability_zone                    = (known after apply)
      + cpu_core_count                       = (known after apply)
      + cpu_threads_per_core                 = (known after apply)
      + disable_api_stop                     = (known after apply)
      + disable_api_termination              = (known after apply)
      + ebs_optimized                        = (known after apply)
      + enable_primary_ipv6                  = (known after apply)
      + get_password_data                    = false
      + host_id                              = (known after apply)
      + host_resource_group_arn              = (known after apply)
      + iam_instance_profile                 = (known after apply)
      + id                                   = (known after apply)
      + instance_initiated_shutdown_behavior = (known after apply)
      + instance_lifecycle                   = (known after apply)
      + instance_state                       = (known after apply)
      + instance_type                        = "t3.small"
      + ipv6_address_count                   = (known after apply)
      + ipv6_addresses                       = (known after apply)
      + key_name                             = "k8s-lab-key-edina"
      + monitoring                           = (known after apply)
      + outpost_arn                          = (known after apply)
      + password_data                        = (known after apply)
      + placement_group                      = (known after apply)
      + placement_partition_number           = (known after apply)
      + primary_network_interface_id         = (known after apply)
      + private_dns                          = (known after apply)
      + private_ip                           = (known after apply)
      + public_dns                           = (known after apply)
      + public_ip                            = (known after apply)
      + secondary_private_ips                = (known after apply)
      + security_groups                      = (known after apply)
      + source_dest_check                    = true
      + spot_instance_request_id             = (known after apply)
      + subnet_id                            = (known after apply)
      + tags                                 = {
          + "Name" = "k8s-worker-2-edina"
        }
      + tags_all                             = {
          + "Aluno"   = "edina"
          + "Name"    = "k8s-worker-2-edina"
          + "Projeto" = "k8s-terraform-ansible"
        }
      + tenancy                              = (known after apply)
      + user_data                            = (known after apply)
      + user_data_base64                     = (known after apply)
      + user_data_replace_on_change          = false
      + vpc_security_group_ids               = (known after apply)

      + capacity_reservation_specification (known after apply)

      + cpu_options (known after apply)

      + ebs_block_device (known after apply)

      + enclave_options (known after apply)

      + ephemeral_block_device (known after apply)

      + instance_market_options (known after apply)

      + maintenance_options (known after apply)

      + metadata_options (known after apply)

      + network_interface (known after apply)

      + private_dns_name_options (known after apply)

      + root_block_device {
          + delete_on_termination = true
          + device_name           = (known after apply)
          + encrypted             = (known after apply)
          + iops                  = (known after apply)
          + kms_key_id            = (known after apply)
          + tags_all              = (known after apply)
          + throughput            = (known after apply)
          + volume_id             = (known after apply)
          + volume_size           = 20
          + volume_type           = "gp3"
        }
    }

  # aws_internet_gateway.k8s will be created
  + resource "aws_internet_gateway" "k8s" {
      + arn      = (known after apply)
      + id       = (known after apply)
      + owner_id = (known after apply)
      + tags     = {
          + "Name" = "k8s-igw-edina"
        }
      + tags_all = {
          + "Aluno"   = "edina"
          + "Name"    = "k8s-igw-edina"
          + "Projeto" = "k8s-terraform-ansible"
        }
      + vpc_id   = (known after apply)
    }

  # aws_key_pair.k8s will be created
  + resource "aws_key_pair" "k8s" {
      + arn             = (known after apply)
      + fingerprint     = (known after apply)
      + id              = (known after apply)
      + key_name        = "k8s-lab-key-edina"
      + key_name_prefix = (known after apply)
      + key_pair_id     = (known after apply)
      + key_type        = (known after apply)
      + public_key      = "ssh-ed25519 AAAAC3NzaC1lZDI1NTE5AAAAIASXhuojbnCB8mitudkFjstgE3UHN3C+6Qdy3tAnPaYS edina@BUE0102D024"
      + tags_all        = {
          + "Aluno"   = "edina"
          + "Projeto" = "k8s-terraform-ansible"
        }
    }

  # aws_route_table.public will be created
  + resource "aws_route_table" "public" {
      + arn              = (known after apply)
      + id               = (known after apply)
      + owner_id         = (known after apply)
      + propagating_vgws = (known after apply)
      + route            = [
          + {
              + cidr_block                 = "0.0.0.0/0"
              + gateway_id                 = (known after apply)
                # (11 unchanged attributes hidden)
            },
        ]
      + tags             = {
          + "Name" = "k8s-rt-public-edina"
        }
      + tags_all         = {
          + "Aluno"   = "edina"
          + "Name"    = "k8s-rt-public-edina"
          + "Projeto" = "k8s-terraform-ansible"
        }
      + vpc_id           = (known after apply)
    }

  # aws_route_table_association.control_plane will be created
  + resource "aws_route_table_association" "control_plane" {
      + id             = (known after apply)
      + route_table_id = (known after apply)
      + subnet_id      = (known after apply)
    }

  # aws_route_table_association.workers will be created
  + resource "aws_route_table_association" "workers" {
      + id             = (known after apply)
      + route_table_id = (known after apply)
      + subnet_id      = (known after apply)
    }

  # aws_security_group.k8s will be created
  + resource "aws_security_group" "k8s" {
      + arn                    = (known after apply)
      + description            = "Security Group do cluster Kubernetes"
      + egress                 = [
          + {
              + cidr_blocks      = [
                  + "0.0.0.0/0",
                ]
              + from_port        = 0
              + ipv6_cidr_blocks = []
              + prefix_list_ids  = []
              + protocol         = "-1"
              + security_groups  = []
              + self             = false
              + to_port          = 0
                # (1 unchanged attribute hidden)
            },
        ]
      + id                     = (known after apply)
      + ingress                = [
          + {
              + cidr_blocks      = [
                  + "0.0.0.0/0",
                ]
              + description      = "NodePort"
              + from_port        = 30000
              + ipv6_cidr_blocks = []
              + prefix_list_ids  = []
              + protocol         = "tcp"
              + security_groups  = []
              + self             = false
              + to_port          = 32767
            },
          + {
              + cidr_blocks      = [
                  + "187.85.171.31/32",
                ]
              + description      = "Kubernetes API Server"
              + from_port        = 6443
              + ipv6_cidr_blocks = []
              + prefix_list_ids  = []
              + protocol         = "tcp"
              + security_groups  = []
              + self             = false
              + to_port          = 6443
            },
          + {
              + cidr_blocks      = [
                  + "187.85.171.31/32",
                ]
              + description      = "SSH somente do meu IP"
              + from_port        = 22
              + ipv6_cidr_blocks = []
              + prefix_list_ids  = []
              + protocol         = "tcp"
              + security_groups  = []
              + self             = false
              + to_port          = 22
            },
          + {
              + cidr_blocks      = []
              + description      = "Kubelet entre os nos"
              + from_port        = 10250
              + ipv6_cidr_blocks = []
              + prefix_list_ids  = []
              + protocol         = "tcp"
              + security_groups  = []
              + self             = true
              + to_port          = 10250
            },
          + {
              + cidr_blocks      = []
              + description      = "Todo o trafego entre os nos do cluster"
              + from_port        = 0
              + ipv6_cidr_blocks = []
              + prefix_list_ids  = []
              + protocol         = "-1"
              + security_groups  = []
              + self             = true
              + to_port          = 0
            },
        ]
      + name                   = "k8s-lab-sg"
      + name_prefix            = (known after apply)
      + owner_id               = (known after apply)
      + revoke_rules_on_delete = false
      + tags                   = {
          + "Name" = "k8s-lab-sg-edina"
        }
      + tags_all               = {
          + "Aluno"   = "edina"
          + "Name"    = "k8s-lab-sg-edina"
          + "Projeto" = "k8s-terraform-ansible"
        }
      + vpc_id                 = (known after apply)
    }

  # aws_subnet.control_plane will be created
  + resource "aws_subnet" "control_plane" {
      + arn                                            = (known after apply)
      + assign_ipv6_address_on_creation                = false
      + availability_zone                              = (known after apply)
      + availability_zone_id                           = (known after apply)
      + cidr_block                                     = "10.0.1.0/24"
      + enable_dns64                                   = false
      + enable_resource_name_dns_a_record_on_launch    = false
      + enable_resource_name_dns_aaaa_record_on_launch = false
      + id                                             = (known after apply)
      + ipv6_cidr_block_association_id                 = (known after apply)
      + ipv6_native                                    = false
      + map_public_ip_on_launch                        = true
      + owner_id                                       = (known after apply)
      + private_dns_hostname_type_on_launch            = (known after apply)
      + tags                                           = {
          + "Name" = "k8s-subnet-control-plane-edina"
        }
      + tags_all                                       = {
          + "Aluno"   = "edina"
          + "Name"    = "k8s-subnet-control-plane-edina"
          + "Projeto" = "k8s-terraform-ansible"
        }
      + vpc_id                                         = (known after apply)
    }

  # aws_subnet.workers will be created
  + resource "aws_subnet" "workers" {
      + arn                                            = (known after apply)
      + assign_ipv6_address_on_creation                = false
      + availability_zone                              = (known after apply)
      + availability_zone_id                           = (known after apply)
      + cidr_block                                     = "10.0.2.0/24"
      + enable_dns64                                   = false
      + enable_resource_name_dns_a_record_on_launch    = false
      + enable_resource_name_dns_aaaa_record_on_launch = false
      + id                                             = (known after apply)
      + ipv6_cidr_block_association_id                 = (known after apply)
      + ipv6_native                                    = false
      + map_public_ip_on_launch                        = true
      + owner_id                                       = (known after apply)
      + private_dns_hostname_type_on_launch            = (known after apply)
      + tags                                           = {
          + "Name" = "k8s-subnet-workers-edina"
        }
      + tags_all                                       = {
          + "Aluno"   = "edina"
          + "Name"    = "k8s-subnet-workers-edina"
          + "Projeto" = "k8s-terraform-ansible"
        }
      + vpc_id                                         = (known after apply)
    }

  # aws_vpc.k8s will be created
  + resource "aws_vpc" "k8s" {
      + arn                                  = (known after apply)
      + cidr_block                           = "10.0.0.0/16"
      + default_network_acl_id               = (known after apply)
      + default_route_table_id               = (known after apply)
      + default_security_group_id            = (known after apply)
      + dhcp_options_id                      = (known after apply)
      + enable_dns_hostnames                 = true
      + enable_dns_support                   = true
      + enable_network_address_usage_metrics = (known after apply)
      + id                                   = (known after apply)
      + instance_tenancy                     = "default"
      + ipv6_association_id                  = (known after apply)
      + ipv6_cidr_block                      = (known after apply)
      + ipv6_cidr_block_network_border_group = (known after apply)
      + main_route_table_id                  = (known after apply)
      + owner_id                             = (known after apply)
      + tags                                 = {
          + "Name" = "k8s-vpc-edina"
        }
      + tags_all                             = {
          + "Aluno"   = "edina"
          + "Name"    = "k8s-vpc-edina"
          + "Projeto" = "k8s-terraform-ansible"
        }
    }

  # local_file.ansible_inventory will be created
  + resource "local_file" "ansible_inventory" {
      + content              = (known after apply)
      + content_base64sha256 = (known after apply)
      + content_base64sha512 = (known after apply)
      + content_md5          = (known after apply)
      + content_sha1         = (known after apply)
      + content_sha256       = (known after apply)
      + content_sha512       = (known after apply)
      + directory_permission = "0777"
      + file_permission      = "0644"
      + filename             = "./../ansible/inventory.ini"
      + id                   = (known after apply)
    }

Plan: 13 to add, 0 to change, 0 to destroy.

Changes to Outputs:
  + control_plane_private_ip = (known after apply)
  + control_plane_public_ip  = (known after apply)
  + worker_private_ips       = [
      + (known after apply),
      + (known after apply),
    ]
  + worker_public_ips        = [
      + (known after apply),
      + (known after apply),
    ]
aws_key_pair.k8s: Creating...
aws_vpc.k8s: Creating...
aws_key_pair.k8s: Creation complete after 1s [id=k8s-lab-key-edina]
aws_vpc.k8s: Still creating... [00m10s elapsed]
aws_vpc.k8s: Creation complete after 14s [id=vpc-008345f0f85f19f5f]
aws_internet_gateway.k8s: Creating...
aws_subnet.workers: Creating...
aws_subnet.control_plane: Creating...
aws_security_group.k8s: Creating...
aws_internet_gateway.k8s: Creation complete after 1s [id=igw-086f0f60cc289e4b8]
aws_route_table.public: Creating...
aws_route_table.public: Creation complete after 2s [id=rtb-00a57aca1e99cafbe]
aws_security_group.k8s: Creation complete after 3s [id=sg-059563a3a8fe593e7]
aws_subnet.control_plane: Still creating... [00m10s elapsed]
aws_subnet.workers: Still creating... [00m10s elapsed]
aws_subnet.workers: Creation complete after 11s [id=subnet-0d4c5b8e0245bc8e8]
aws_route_table_association.workers: Creating...
aws_instance.worker[1]: Creating...
aws_instance.worker[0]: Creating...
aws_subnet.control_plane: Creation complete after 11s [id=subnet-0bd4bd9273af56dd3]
aws_route_table_association.control_plane: Creating...
aws_instance.control_plane: Creating...
aws_route_table_association.workers: Creation complete after 1s [id=rtbassoc-0bd44746fc473c8d0]
aws_route_table_association.control_plane: Creation complete after 1s [id=rtbassoc-08f5d933012b5dca0]
aws_instance.worker[0]: Still creating... [00m10s elapsed]
aws_instance.worker[1]: Still creating... [00m10s elapsed]
aws_instance.control_plane: Still creating... [00m10s elapsed]
aws_instance.worker[0]: Creation complete after 15s [id=i-053875a5c01d80494]
aws_instance.worker[1]: Creation complete after 15s [id=i-0dad4b21340c3e16b]
aws_instance.control_plane: Creation complete after 15s [id=i-0a6a88406081ec4bd]
local_file.ansible_inventory: Creating...
local_file.ansible_inventory: Creation complete after 0s [id=76d8ab2006097bc57f578552216c53c248548723]

Apply complete! Resources: 13 added, 0 changed, 0 destroyed.

Outputs:

control_plane_private_ip = "10.0.1.46"
control_plane_public_ip = "44.199.213.16"
worker_private_ips = [
  "10.0.2.134",
  "10.0.2.220",
]
worker_public_ips = [
  "32.199.197.252",
  "32.197.187.64",
]
